{
  "times": [
    0,
    0.14285714285714285,
    0.2857142857142857,
    0.42857142857142855,
    0.5714285714285714,
    0.7142857142857142,
    0.8571428571428571,
    1,
    1.1428571428571428,
    1.2857142857142856,
    1.4285714285714284,
    1.5714285714285714,
    1.7142857142857142,
    1.857142857142857,
    2,
    2,
    2.1363636363636362,
    2.2727272727272725,
    2.409090909090909,
    2.5454545454545454,
    2.6818181818181817,
    2.8181818181818183,
    2.9545454545454546,
    3.090909090909091,
    3.227272727272727,
    3.3636363636363633,
    3.5,
    3.6363636363636362,
    3.7727272727272725,
    3.909090909090909,
    4.045454545454545,
    4.181818181818182,
    4.318181818181818,
    4.454545454545454,
    4.590909090909091,
    4.727272727272727,
    4.863636363636363,
    5,
    5.136363636363637,
    5.2727272727272725,
    5.409090909090908,
    5.545454545454545,
    5.681818181818182,
    5.818181818181818,
    5.954545454545454,
    6.090909090909091,
    6.227272727272727,
    6.363636363636363,
    6.5,
    6.636363636363636,
    6.7727272727272725,
    6.909090909090908,
    7.045454545454545,
    7.181818181818182,
    7.3181818181818175,
    7.454545454545454,
    7.590909090909091,
    7.727272727272727,
    7.863636363636363,
    8
  ],
  "series": [
    {
      "place": "counter/brewing_cappuccino",
      "values": [
        0,
        1,
        0.8,
        0.8,
        1,
        1.2,
        0.8,
        0.8,
        0.6,
        0.8,
        0.6,
        0.6,
        1.2,
        0.4,
        0.6,
        1,
        0.4,
        0.4,
        0.6,
        0.6,
        0.6,
        0.8,
        0.4,
        0.8,
        1,
        0.4,
        0.2,
        0.4,
        0.4,
        0.8,
        1.4,
        0.6,
        0.4,
        0.4,
        0.4,
        0,
        0.2,
        0.4,
        1.2,
        0.6,
        0.2,
        0.2,
        0.4,
        1.6,
        0.6,
        0.8,
        1,
        0.6,
        0.4,
        0.6,
        0.2,
        0.6,
        0.4,
        1,
        0.2,
        0.4,
        0.4,
        0.6,
        0.6,
        0.4
      ]
    },
    {
      "place": "counter/brewing_espresso",
      "values": [
        0,
        0.4,
        0,
        0.6,
        0.6,
        0,
        0.6,
        0.6,
        0.6,
        0.4,
        0.2,
        0.4,
        0.2,
        0.8,
        0.4,
        0,
        0.2,
        0.2,
        0.4,
        0.8,
        0.6,
        0.8,
        0.8,
        0.8,
        0.6,
        0.8,
        0.4,
        0.2,
        0.6,
        0.6,
        0.2,
        0.8,
        0.4,
        0.6,
        0.6,
        0,
        0.6,
        0.6,
        0,
        0.6,
        0.6,
        0.6,
        0.4,
        0,
        0.8,
        0.4,
        0,
        0.4,
        0.4,
        0.4,
        0,
        0.6,
        0.6,
        0,
        0.6,
        0.4,
        0.2,
        0.6,
        0.6,
        0.4
      ]
    },
    {
      "place": "counter/brewing_latte",
      "values": [
        0,
        0,
        0.2,
        0.2,
        0.2,
        0.2,
        0.2,
        0,
        0.2,
        0.2,
        0.2,
        0.2,
        0.2,
        0.4,
        0.2,
        0,
        0,
        0.2,
        0,
        0.2,
        0.4,
        0,
        0,
        0,
        0,
        0,
        0,
        0,
        0,
        0,
        0.2,
        0.2,
        0,
        0,
        0,
        0,
        0,
        0,
        0.2,
        0.2,
        0.2,
        0,
        0,
        0,
        0.2,
        0.2,
        0,
        0,
        0,
        0.4,
        0,
        0,
        0,
        0,
        0.4,
        0.2,
        0,
        0,
        0,
        0
      ]
    },
    {
      "place": "counter/cappuccino_ready",
      "values": [
        0,
        0,
        0,
        0.2,
        0,
        0.2,
        0.4,
        0,
        0.2,
        0.2,
        0,
        0.2,
        0.6,
        0.4,
        0.4,
        0,
        0.6,
        0,
        0.4,
        0,
        0.2,
        0.6,
        0.2,
        0.2,
        0.4,
        0.2,
        0.2,
        0.2,
        0,
        0.2,
        0,
        0,
        0.2,
        0.4,
        0,
        0.2,
        0.4,
        0.2,
        0.2,
        0.2,
        0,
        0,
        0,
        0.4,
        0.8,
        0,
        0.2,
        0.6,
        0,
        0.4,
        0,
        0,
        0.2,
        0.4,
        0.2,
        0.2,
        0.4,
        0.4,
        0.2,
        0.2
      ]
    },
    {
      "place": "counter/espresso_ready",
      "values": [
        0,
        0.2,
        0.2,
        0.2,
        0.4,
        0.4,
        0.2,
        0.4,
        0,
        0.4,
        0,
        0.2,
        0.2,
        0.4,
        0.6,
        1,
        0,
        0.4,
        0.2,
        0.4,
        0.2,
        0.4,
        0.4,
        0.2,
        0.4,
        0.4,
        0.4,
        0,
        0.2,
        0.6,
        0.4,
        0.2,
        0,
        0.4,
        0.8,
        0.2,
        0.6,
        0.4,
        0.4,
        0.4,
        1,
        0.6,
        0.2,
        0,
        0.2,
        0,
        0.2,
        0.4,
        0.2,
        0.6,
        0,
        0.2,
        0.4,
        0.2,
        0,
        0,
        0.2,
        0.2,
        0,
        0
      ]
    },
    {
      "place": "counter/latte_ready",
      "values": [
        0,
        0,
        0.2,
        0,
        0.2,
        0.4,
        0,
        0,
        0.2,
        0.2,
        0,
        0,
        0,
        0,
        0,
        0,
        0.4,
        0.2,
        0.2,
        0,
        0,
        0,
        0.2,
        0,
        0,
        0,
        0,
        0,
        0,
        0,
        0,
        0,
        0,
        0,
        0,
        0.2,
        0,
        0,
        0,
        0,
        0,
        0.2,
        0,
        0,
        0,
        0.2,
        0.2,
        0,
        0,
        0,
        0.2,
        0,
        0.2,
        0,
        0.2,
        0,
        0,
        0,
        0,
        0
      ]
    },
    {
      "place": "counter/orders_complete",
      "values": [
        0,
        1,
        3.6,
        5.4,
        7.8,
        10.4,
        12.4,
        14.6,
        16.2,
        18.6,
        21.4,
        23.6,
        25,
        28,
        30.8,
        31,
        33.8,
        36,
        38,
        40.6,
        43.2,
        45,
        47.2,
        49,
        50.8,
        53.6,
        56,
        58.2,
        60,
        61.6,
        63.8,
        67.2,
        69.6,
        70.6,
        73,
        75.6,
        77,
        79,
        81.2,
        83.6,
        85.8,
        88.2,
        90.4,
        91.6,
        93.2,
        96.6,
        99.4,
        101.4,
        105.6,
        106.4,
        109.6,
        110.2,
        112.2,
        115.6,
        117.6,
        120.2,
        122.4,
        124.4,
        126,
        128.2
      ]
    },
    {
      "place": "counter/pending_cappuccino",
      "values": [
        0,
        0,
        0,
        0.2,
        0.4,
        0,
        0,
        0,
        0,
        0,
        0,
        0.4,
        0,
        0.2,
        0,
        0,
        0,
        0.2,
        0,
        0,
        0.2,
        0,
        0,
        0,
        0.2,
        0,
        0,
        0.4,
        0,
        0,
        0,
        0.2,
        1,
        0.2,
        0,
        0,
        0,
        0,
        0.4,
        0.2,
        0,
        0,
        0,
        0.2,
        0,
        0,
        0,
        0,
        0,
        0,
        0.2,
        0.2,
        0.2,
        0,
        0,
        0,
        0,
        0.4,
        0.4,
        0.2
      ]
    },
    {
      "place": "counter/pending_espresso",
      "values": [
        0,
        0.4,
        0,
        0.2,
        0.4,
        0.2,
        0.2,
        0.2,
        0.6,
        0,
        0,
        0.2,
        0,
        0.4,
        0.2,
        0,
        0,
        0,
        0,
        0.6,
        0,
        0.2,
        0,
        0.2,
        0,
        0,
        0,
        0.4,
        0.4,
        0,
        0.8,
        0.2,
        0.2,
        0.4,
        0.2,
        0,
        0,
        0.2,
        0,
        0.4,
        0,
        0,
        0,
        1,
        0.6,
        0.2,
        0,
        0,
        0,
        0.2,
        0,
        0.2,
        0,
        0.2,
        0.4,
        0,
        0,
        0,
        1,
        0
      ]
    },
    {
      "place": "counter/pending_latte",
      "values": [
        0,
        0.2,
        0,
        0.2,
        0,
        0.4,
        0,
        0.2,
        0,
        0,
        0,
        0.2,
        0,
        0,
        0,
        0,
        0,
        0,
        0,
        0,
        0,
        0,
        0,
        0,
        0,
        0,
        0,
        0,
        0,
        0.2,
        0,
        0,
        0,
        0,
        0,
        0,
        0,
        0,
        0,
        0,
        0,
        0,
        0,
        0,
        0,
        0,
        0,
        0,
        0,
        0,
        0,
        0,
        0,
        0.2,
        0,
        0,
        0,
        0,
        0,
        0
      ]
    },
    {
      "place": "counter/walked_out",
      "values": [
        0,
        0.4,
        0.8,
        1.2,
        2.8,
        4.4,
        5,
        5.8,
        6,
        7,
        7.4,
        8,
        9.6,
        10.4,
        11,
        11,
        11.4,
        11.6,
        11.8,
        11.8,
        12.8,
        13,
        13.2,
        13.6,
        14.6,
        15.2,
        15.6,
        15.6,
        16.4,
        17,
        17.4,
        18.6,
        19,
        20,
        20.4,
        20.6,
        20.8,
        20.8,
        21.2,
        22.2,
        23.4,
        23.4,
        23.4,
        23.4,
        24.4,
        25.2,
        25.6,
        25.6,
        26,
        26,
        26.6,
        26.6,
        26.6,
        26.6,
        27,
        27.6,
        27.6,
        28.2,
        29,
        30.4
      ]
    },
    {
      "place": "pantry/coffee_beans",
      "values": [
        2000,
        2155,
        2115,
        2072,
        2822,
        2979,
        3346,
        3513,
        3485,
        3436,
        3606,
        3556,
        3519,
        3465,
        3418,
        3418,
        3376,
        3343,
        3302,
        3252,
        3206,
        3164,
        3135,
        3102,
        3062,
        3023,
        2990,
        3358,
        3319,
        3272,
        3235,
        3380,
        3351,
        3520,
        3674,
        3649,
        3602,
        3568,
        3524,
        3482,
        3440,
        3404,
        3376,
        3342,
        3303,
        3259,
        3210,
        3166,
        3106,
        3068,
        3047,
        3019,
        3175,
        3320,
        3286,
        3449,
        3409,
        3561,
        3540,
        3506
      ]
    },
    {
      "place": "pantry/cups",
      "values": [
        200,
        217.4,
        235,
        252.6,
        249.8,
        287.2,
        285.4,
        303.6,
        302,
        359.2,
        357.6,
        394.8,
        412.6,
        409.6,
        427,
        427,
        424.6,
        422.6,
        420.2,
        417.4,
        414.8,
        412.4,
        410.8,
        409,
        406.8,
        404.6,
        402.8,
        421,
        418.8,
        416.2,
        414,
        431,
        449.4,
        467.6,
        465.2,
        463.8,
        461.2,
        459.4,
        456.8,
        454.4,
        452.2,
        470.2,
        468.6,
        466.4,
        464.2,
        461.8,
        459,
        456.6,
        453.4,
        451.2,
        450,
        448.4,
        446,
        442.8,
        440.8,
        438.6,
        436.4,
        433.8,
        432.6,
        430.8
      ]
    },
    {
      "place": "pantry/milk",
      "values": [
        2000,
        2258,
        2798,
        2764,
        2724,
        2658,
        2636,
        2618,
        3186,
        3136,
        3124,
        3084,
        3038,
        2990,
        2960,
        2960,
        2916,
        2866,
        2816,
        2772,
        2732,
        2696,
        2674,
        2656,
        2628,
        2898,
        2880,
        2856,
        2826,
        2796,
        2746,
        3012,
        3294,
        3864,
        3852,
        3830,
        3800,
        3788,
        3736,
        3700,
        3688,
        3660,
        3636,
        3576,
        3542,
        3514,
        3468,
        3444,
        3420,
        3376,
        3354,
        3330,
        3302,
        3248,
        3200,
        3150,
        3126,
        3102,
        3084,
        3072
      ]
    },
    {
      "place": "staff/available",
      "values": [
        2,
        0.6,
        1,
        0.4,
        0.2,
        0.6,
        0.4,
        0.6,
        0.6,
        0.6,
        1,
        0.8,
        0.4,
        0.4,
        0.8,
        1,
        1.4,
        1.2,
        1,
        0.4,
        0.4,
        0.4,
        0.8,
        0.4,
        0.4,
        0.8,
        1.4,
        1.4,
        1,
        0.6,
        0.2,
        0.4,
        1.2,
        1,
        1,
        2,
        1.2,
        1,
        0.6,
        0.6,
        1,
        1.2,
        1.2,
        0.4,
        0.4,
        0.6,
        1,
        1,
        1.2,
        0.6,
        1.8,
        0.8,
        1,
        1,
        0.8,
        1,
        1.4,
        0.8,
        0.8,
        1.2
      ]
    },
    {
      "place": "staff/busy",
      "values": [
        0,
        1.4,
        1,
        1.6,
        1.8,
        1.4,
        1.6,
        1.4,
        1.4,
        1.4,
        1,
        1.2,
        1.6,
        1.6,
        1.2,
        1,
        0.6,
        0.8,
        1,
        1.6,
        1.6,
        1.6,
        1.2,
        1.6,
        1.6,
        1.2,
        0.6,
        0.6,
        1,
        1.4,
        1.8,
        1.6,
        0.8,
        1,
        1,
        0,
        0.8,
        1,
        1.4,
        1.4,
        1,
        0.8,
        0.8,
        1.6,
        1.6,
        1.4,
        1,
        1,
        0.8,
        1.4,
        0.2,
        1.2,
        1,
        1,
        1.2,
        1,
        0.6,
        1.2,
        1.2,
        0.8
      ]
    }
  ],
  "final": {
    "counter/brewing_cappuccino": 0.4,
    "counter/brewing_espresso": 0.4,
    "counter/brewing_latte": 0,
    "counter/cappuccino_ready": 0.2,
    "counter/espresso_ready": 0,
    "counter/latte_ready": 0,
    "counter/orders_complete": 128.2,
    "counter/pending_cappuccino": 0.2,
    "counter/pending_espresso": 0,
    "counter/pending_latte": 0,
    "counter/walked_out": 30.4,
    "pantry/coffee_beans": 3506,
    "pantry/cups": 430.8,
    "pantry/milk": 3072,
    "staff/available": 1.2,
    "staff/busy": 0.8
  },
  "depleted": [
    {
      "place": "staff/available",
      "at": 0.14285714285714285,
      "recovered": true
    }
  ],
  "contended": [
    {
      "place": "staff/available",
      "fraction": 0.20224302090879434,
      "kind": "conserved",
      "blocking": [
        "cappuccino_started",
        "espresso_started",
        "latte_started"
      ]
    },
    {
      "place": "counter/pending_latte",
      "fraction": 0.970056649448137,
      "kind": "queue",
      "blocking": [
        "counter/abandon_latte",
        "latte_started"
      ]
    },
    {
      "place": "counter/latte_ready",
      "fraction": 0.9579101587468475,
      "kind": "queue",
      "blocking": [
        "counter/serve_latte"
      ]
    },
    {
      "place": "counter/pending_cappuccino",
      "fraction": 0.8997503304350231,
      "kind": "queue",
      "blocking": [
        "cappuccino_started",
        "counter/abandon_cappuccino"
      ]
    },
    {
      "place": "counter/pending_espresso",
      "fraction": 0.8537021291735352,
      "kind": "queue",
      "blocking": [
        "counter/abandon_espresso",
        "espresso_started"
      ]
    },
    {
      "place": "counter/cappuccino_ready",
      "fraction": 0.8000644781089987,
      "kind": "queue",
      "blocking": [
        "counter/serve_cappuccino"
      ]
    },
    {
      "place": "counter/espresso_ready",
      "fraction": 0.7420014967187462,
      "kind": "queue",
      "blocking": [
        "counter/serve_espresso"
      ]
    },
    {
      "place": "counter/brewing_latte",
      "fraction": 0.6523977534302317,
      "kind": "queue",
      "blocking": [
        "latte_finished"
      ]
    },
    {
      "place": "counter/brewing_espresso",
      "fraction": 0.3616604114253046,
      "kind": "queue",
      "blocking": [
        "espresso_finished"
      ]
    },
    {
      "place": "counter/brewing_cappuccino",
      "fraction": 0.254610262738517,
      "kind": "queue",
      "blocking": [
        "cappuccino_finished"
      ]
    }
  ],
  "method": "ssa",
  "assumptions": [
    "this engine assumes every step takes a random, exponentially distributed amount of time, which is the most erratic a shop can be for a given average. Work with a predictable duration — a shot pulls in about the same time every time — queues roughly half as much, so treat the waiting and the walkouts here as the bad case, not the typical one."
  ],
  "metrics": {
    "throughput": {
      "cappuccino_finished": 48.6,
      "cappuccino_started": 48.6,
      "counter/abandon_cappuccino": 11.8,
      "counter/abandon_espresso": 15.2,
      "counter/abandon_latte": 3.4000000000000004,
      "counter/order_cappuccino": 60.6,
      "counter/order_espresso": 86.6,
      "counter/order_latte": 12.8,
      "counter/serve_cappuccino": 48,
      "counter/serve_espresso": 70.8,
      "counter/serve_latte": 9.2,
      "espresso_finished": 70.4,
      "espresso_started": 71.19999999999999,
      "latte_finished": 9.2,
      "latte_started": 9.4,
      "pantry/restock_coffee_beans": 3.8,
      "pantry/restock_cups": 3.6,
      "pantry/restock_milk": 2
    },
    "mean": {
      "counter/brewing_cappuccino": 0.6068021402183152,
      "counter/brewing_espresso": 0.44655938769776066,
      "counter/brewing_latte": 0.09541380337093433,
      "counter/cappuccino_ready": 0.2193814338458427,
      "counter/espresso_ready": 0.2864922812139141,
      "counter/latte_ready": 0.043176490156926844,
      "counter/orders_complete": 63.45622413929767,
      "counter/pending_cappuccino": 0.11660965973402412,
      "counter/pending_espresso": 0.19536349841206058,
      "counter/pending_latte": 0.031340667346795956,
      "counter/walked_out": 16.773963572326068,
      "pantry/coffee_beans": 3249.2371113507975,
      "pantry/cups": 407.5794011349547,
      "pantry/milk": 3118.8832084968285,
      "staff/available": 0.8512246687129927,
      "staff/busy": 1.1487753312870104
    },
    "p95": {
      "counter/brewing_cappuccino": 2,
      "counter/brewing_espresso": 2,
      "counter/brewing_latte": 1,
      "counter/cappuccino_ready": 1,
      "counter/espresso_ready": 1,
      "counter/latte_ready": 0,
      "counter/orders_complete": 122,
      "counter/pending_cappuccino": 1,
      "counter/pending_espresso": 1,
      "counter/pending_latte": 0,
      "counter/walked_out": 34,
      "pantry/coffee_beans": 3833,
      "pantry/cups": 488,
      "pantry/milk": 3890,
      "staff/available": 2,
      "staff/busy": 2
    },
    "utilization": {
      "staff": 0.5743876656435043
    }
  }
}
